// Jest Snapshot v1, https://goo.gl/fbAQLP

exports[`Generates Avatar 1`] = `
<img
  alt="John"
  className="sc-bdVaJa kPDVQV"
  src="example.com.jpg"
/>
`;
